// Jest Snapshot v1, https://goo.gl/fbAQLP

exports[`should render quotes 1`] = `
<div
  className="qouteInformation"
>
  <p
    className="qoute"
  >
    Lorem ipsum dolor sit amet, consectetur adipiscing elit, sed do eiusmod tempor incid ut labore et dolore magna aliqua. Ut enim ad minim veniam, quis nostrud exercitation ullamco laboris nisi ut aliqu ex ea commodo consequat. Duis aute irure dolor in repreh eit dolore eu fugiat nulla pariatur. Excepteur sint occ cupidatat non proident, sunt in culpa qui officia deserunt mollit anim id est laborum. Lorem ipsum dolor sit amet, consectetur adipiscing elit, sed do eiusmod tempor incid ut labore et dolore magna aliqua. Ut enim ad minim veniam, quis nostrud exercitation ullamco laboris nisi ut aliqu ex ea commodo consequat. Duis aute irure dolor in repreh eit dolore eu fugiat nulla pariatur. Excepteur sint occ cupidatat non proident, sunt in culpa qui officia deserunt mollit anim id est laborum. Lorem ipsum dolor sit amet, consectetur adipiscing elit, sed do eiusmod tempor incid
  </p>
</div>
`;
